// Jest Snapshot v1, https://goo.gl/fbAQLP

exports[`Column basic 1`] = `
<div
  className="f1diaquh"
  debug-label="Column"
>
  empty content
</div>
`;
