// Jest Snapshot v1, https://goo.gl/fbAQLP

exports[`Wrap basic 1`] = `
<div
  className="f1pg3ywt"
  debug-label="Wrap"
>
  empty content
</div>
`;
